;; pipeline.snap - Data Ingestion and Transformation Logic

;; Ingest Data Block
(define ingest-data (url))
  (set raw-data to (call HTTP-GET (url)))
  (report raw-data)

;; Filter Nulls Helper
(define filter-nulls (data-list))
  (set clean-data to (empty-list))
  (for each (item) in (data-list))
    (if (not (is-null? (item))))
      (append-to-list (clean-data) (item))
    )
  (report clean-data)

;; Validate Data Helper
(define validate-data (data-list))
  (set valid-data to (empty-list))
  (for each (item) in (data-list))
    (if (passes-schema-check? (item)))
      (append-to-list (valid-data) (item))
    )
  (report valid-data)

;; Transform Data Helper
(define transform-data (data-list))
  (set transformed to (empty-list))
  (for each (item) in (data-list))
    (append-to-list (transformed) (apply-transforms (item)))
  (report transformed)

;; Apply Transforms Helper
(define apply-transforms (record))
  (set record.timestamp to (get-current-time))
  (set record.status to "processed")
  (report record)
